
> math-vis-frontend@1.0.0 build
> vite build

[36mvite v8.0.3 [32mbuilding client environment for production...[36m[39m
[2K
transforming...鉁?15 modules transformed.
node.exe : [31m鉁?[39m Build fa
iled in 155ms
所在位置 行:1 字符: 1
+ & "D:\Nodejs/node.exe" "D:\No
dejs/node_modules/npm/bin/npm-c
li.js" ru ...
+ ~~~~~~~~~~~~~~~~~~~~~~~~~~~~~
~~~~~~~~~~~~~~~~~~~~~~~~~~~~~~~
~~~~~~~~~
    + CategoryInfo          :  
   NotSpecified: ([31m鉁?[39m  
   Build failed in 155ms:Str   
 ing) [], RemoteException
    + FullyQualifiedErrorId :  
   NativeCommandError
 
[31merror during build:
[31mBuild failed with 1 error:

[31m[builtin:vite-transform] E
rror:[0m Expected a semicolon 
or an implicit semicolon after 
a statement, but found none
   [38;5;246m鈺?[0m[38;5;246m鈹
€[0m[38;5;246m[[0m src/App.j
sx:1:2 [38;5;246m][0m
   [38;5;246m鈹?[0m
 [38;5;246m1 鈹?[0m [38;5;249m
1[0m[38;5;249m:[0m[38;5;249
m [0m[38;5;249mi[0m[38;5;24
9mm[0m[38;5;249mp[0m[38;5;2
49mo[0m[38;5;249mr[0m[38;5;
249mt[0m[38;5;249m [0m[38;5
;249mR[0m[38;5;249me[0m[38;
5;249ma[0m[38;5;249mc[0m[38
;5;249mt[0m[38;5;249m,[0m[3
8;5;249m [0m[38;5;249m{[0m[
38;5;249m [0m[38;5;249mu[0m
[38;5;249ms[0m[38;5;249me[0m
[38;5;249mS[0m[38;5;249mt[0
m[38;5;249ma[0m[38;5;249mt[
0m[38;5;249me[0m[38;5;249m,
[0m[38;5;249m [0m[38;5;249mu
[0m[38;5;249ms[0m[38;5;249m
e[0m[38;5;249mE[0m[38;5;249
mf[0m[38;5;249mf[0m[38;5;24
9me[0m[38;5;249mc[0m[38;5;2
49mt[0m[38;5;249m [0m[38;5;
249m}[0m[38;5;249m [0m[38;5
;249mf[0m[38;5;249mr[0m[38;
5;249mo[0m[38;5;249mm[0m[38
;5;249m [0m[38;5;249m'[0m[3
8;5;249mr[0m[38;5;249me[0m[
38;5;249ma[0m[38;5;249mc[0m
[38;5;249mt[0m[38;5;249m'[0m
[38;5;249m;[0m
 [38;5;240m  鈹?[0m  鈹?
 [38;5;240m  鈹?[0m  鈺扳攢 
 [38;5;240m  鈹?[0m 
 [38;5;240m  鈹?[0m [38;5;115m
Help[0m: Try inserting a semic
olon here
[38;5;246m鈹€鈹€鈹€鈺?[0m
[31m
    at aggregateBindingErrorsIn
toJsError (file:///D:/Desktop/%
E6%95%B0%E5%AD%A6%E5%8F%AF%E8%A
7%86%E5%8C%96%E5%B9%B3%E5%8F%B0
/math-frontend/node_modules/rol
ldown/dist/shared/error-BLhcSye
g.mjs:48:18)
    at unwrapBindingResult (fil
e:///D:/Desktop/%E6%95%B0%E5%AD
%A6%E5%8F%AF%E8%A7%86%E5%8C%96%
E5%B9%B3%E5%8F%B0/math-frontend
/node_modules/rolldown/dist/sha
red/error-BLhcSyeg.mjs:18:128)
    at #build (file:///D:/Deskt
op/%E6%95%B0%E5%AD%A6%E5%8F%AF%
E8%A7%86%E5%8C%96%E5%B9%B3%E5%8
F%B0/math-frontend/node_modules
/rolldown/dist/shared/rolldown-
build-CPrIX9V6.mjs:3313:34)
    at async buildEnvironment (
file:///D:/Desktop/%E6%95%B0%E5
%AD%A6%E5%8F%AF%E8%A7%86%E5%8C%
96%E5%B9%B3%E5%8F%B0/math-front
end/node_modules/vite/dist/node
/chunks/node.js:32849:64)
    at async Object.build (file
:///D:/Desktop/%E6%95%B0%E5%AD%
A6%E5%8F%AF%E8%A7%86%E5%8C%96%E
5%B9%B3%E5%8F%B0/math-frontend/
node_modules/vite/dist/node/chu
nks/node.js:33271:19)
    at async Object.buildApp (f
ile:///D:/Desktop/%E6%95%B0%E5%
AD%A6%E5%8F%AF%E8%A7%86%E5%8C%9
6%E5%B9%B3%E5%8F%B0/math-fronte
nd/node_modules/vite/dist/node/
chunks/node.js:33268:153)
    at async CAC.<anonymous> (f
ile:///D:/Desktop/%E6%95%B0%E5%
AD%A6%E5%8F%AF%E8%A7%86%E5%8C%9
6%E5%B9%B3%E5%8F%B0/math-fronte
nd/node_modules/vite/dist/node/
cli.js:778:3) {
  errors: [Getter/Setter]
}[39m
